
  .   ____          _            __ _ _
 /\\ / ___'_ __ _ _(_)_ __  __ _ \ \ \ \
( ( )\___ | '_ | '_| | '_ \/ _` | \ \ \ \
 \\/  ___)| |_)| | | | | || (_| |  ) ) ) )
  '  |____| .__|_| |_|_| |_\__, | / / / /
 =========|_|==============|___/=/_/_/_/

 :: Spring Boot ::                (v4.1.0)

2026-08-26T07:44:49.948-03:00  INFO 13897 --- [naming-service] [           main] c.l.n.NamingServiceApplication           : Starting NamingServiceApplication v0.0.1-SNAPSHOT using Java 25 with PID 13897 (/home/kelu/ranga/spring-microservice/naming-service/target/naming-service-0.0.1-SNAPSHOT.jar started by kelu in /home/kelu/ranga/spring-microservice/naming-service)
2026-08-26T07:44:49.952-03:00  INFO 13897 --- [naming-service] [           main] c.l.n.NamingServiceApplication           : No active profile set, falling back to 1 default profile: "default"
2026-08-26T07:44:51.874-03:00  INFO 13897 --- [naming-service] [           main] o.s.cloud.context.scope.GenericScope     : BeanFactory id=57e1346f-c6f0-3545-b105-0a691c14cf4d
2026-08-26T07:44:52.430-03:00  INFO 13897 --- [naming-service] [           main] o.s.boot.tomcat.TomcatWebServer          : Tomcat initialized with port 8761 (http)
2026-08-26T07:44:52.464-03:00  INFO 13897 --- [naming-service] [           main] o.apache.catalina.core.StandardService   : Starting service [Tomcat]
2026-08-26T07:44:52.465-03:00  INFO 13897 --- [naming-service] [           main] o.apache.catalina.core.StandardEngine    : Starting Servlet engine: [Apache Tomcat/11.0.22]
2026-08-26T07:44:52.515-03:00  INFO 13897 --- [naming-service] [           main] b.w.c.s.WebApplicationContextInitializer : Root WebApplicationContext: initialization completed in 2462 ms
2026-08-26T07:44:54.207-03:00  INFO 13897 --- [naming-service] [           main] c.n.d.provider.DiscoveryJerseyProvider   : Using JSON encoding codec LegacyJacksonJson
2026-08-26T07:44:54.208-03:00  INFO 13897 --- [naming-service] [           main] c.n.d.provider.DiscoveryJerseyProvider   : Using JSON decoding codec LegacyJacksonJson
WARNING: A terminally deprecated method in sun.misc.Unsafe has been called
WARNING: sun.misc.Unsafe::objectFieldOffset has been called by com.thoughtworks.xstream.converters.reflection.SunUnsafeReflectionProvider (jar:nested:/home/kelu/ranga/spring-microservice/naming-service/target/naming-service-0.0.1-SNAPSHOT.jar/!BOOT-INF/lib/xstream-1.4.21.jar!/)
WARNING: Please consider reporting this to the maintainers of class com.thoughtworks.xstream.converters.reflection.SunUnsafeReflectionProvider
WARNING: sun.misc.Unsafe::objectFieldOffset will be removed in a future release
2026-08-26T07:44:54.620-03:00  INFO 13897 --- [naming-service] [           main] c.n.d.provider.DiscoveryJerseyProvider   : Using XML encoding codec XStreamXml
2026-08-26T07:44:54.620-03:00  INFO 13897 --- [naming-service] [           main] c.n.d.provider.DiscoveryJerseyProvider   : Using XML decoding codec XStreamXml
2026-08-26T07:44:55.993-03:00  WARN 13897 --- [naming-service] [           main] iguration$LoadBalancerCaffeineWarnLogger : Spring Cloud LoadBalancer is currently working with the default cache. While this cache implementation is useful for development and tests, it's recommended to use Caffeine cache in production.You can switch to using Caffeine cache, by adding it and org.springframework.cache.caffeine.CaffeineCacheManager to the classpath.
2026-08-26T07:44:56.037-03:00  INFO 13897 --- [naming-service] [           main] o.s.c.n.eureka.InstanceInfoFactory       : Setting initial instance status as: STARTING
2026-08-26T07:44:56.068-03:00  INFO 13897 --- [naming-service] [           main] com.netflix.discovery.DiscoveryClient    : Initializing Eureka in region us-east-1
2026-08-26T07:44:56.069-03:00  INFO 13897 --- [naming-service] [           main] com.netflix.discovery.DiscoveryClient    : Client configured to neither register nor query for data.
2026-08-26T07:44:56.071-03:00  INFO 13897 --- [naming-service] [           main] com.netflix.discovery.DiscoveryClient    : Discovery Client initialized at timestamp 1787741096070 with initial instances count: 0
2026-08-26T07:44:56.131-03:00  INFO 13897 --- [naming-service] [           main] c.n.eureka.DefaultEurekaServerContext    : Initializing ...
2026-08-26T07:44:56.134-03:00  INFO 13897 --- [naming-service] [           main] c.n.eureka.cluster.PeerEurekaNodes       : Adding new peer nodes [http://localhost:8761/eureka/]
2026-08-26T07:44:56.377-03:00  INFO 13897 --- [naming-service] [           main] c.n.d.provider.DiscoveryJerseyProvider   : Using JSON encoding codec LegacyJacksonJson
2026-08-26T07:44:56.377-03:00  INFO 13897 --- [naming-service] [           main] c.n.d.provider.DiscoveryJerseyProvider   : Using JSON decoding codec LegacyJacksonJson
2026-08-26T07:44:56.378-03:00  INFO 13897 --- [naming-service] [           main] c.n.d.provider.DiscoveryJerseyProvider   : Using XML encoding codec XStreamXml
2026-08-26T07:44:56.378-03:00  INFO 13897 --- [naming-service] [           main] c.n.d.provider.DiscoveryJerseyProvider   : Using XML decoding codec XStreamXml
2026-08-26T07:44:56.439-03:00  INFO 13897 --- [naming-service] [           main] c.n.eureka.cluster.PeerEurekaNodes       : Replica node URL:  http://localhost:8761/eureka/
2026-08-26T07:44:56.451-03:00  INFO 13897 --- [naming-service] [           main] c.n.e.registry.AbstractInstanceRegistry  : Finished initializing remote region registries. All known remote regions: []
2026-08-26T07:44:56.452-03:00  INFO 13897 --- [naming-service] [           main] c.n.eureka.DefaultEurekaServerContext    : Initialized
2026-08-26T07:44:56.471-03:00  INFO 13897 --- [naming-service] [           main] o.s.b.a.e.web.EndpointLinksResolver      : Exposing 1 endpoint beneath base path '/actuator'
2026-08-26T07:44:56.575-03:00  INFO 13897 --- [naming-service] [       Thread-9] o.s.c.n.e.server.EurekaServerBootstrap   : isAws returned false
2026-08-26T07:44:56.575-03:00  INFO 13897 --- [naming-service] [       Thread-9] o.s.c.n.e.server.EurekaServerBootstrap   : Initialized server context
2026-08-26T07:44:56.576-03:00  INFO 13897 --- [naming-service] [       Thread-9] c.n.e.r.PeerAwareInstanceRegistryImpl    : Got 1 instances from neighboring DS node
2026-08-26T07:44:56.576-03:00  INFO 13897 --- [naming-service] [       Thread-9] c.n.e.r.PeerAwareInstanceRegistryImpl    : Renew threshold is: 1
2026-08-26T07:44:56.576-03:00  INFO 13897 --- [naming-service] [       Thread-9] c.n.e.r.PeerAwareInstanceRegistryImpl    : Changing status to UP
2026-08-26T07:44:56.580-03:00  INFO 13897 --- [naming-service] [       Thread-9] e.s.EurekaServerInitializerConfiguration : Started Eureka Server
2026-08-26T07:44:56.592-03:00  INFO 13897 --- [naming-service] [           main] o.s.boot.tomcat.TomcatWebServer          : Tomcat started on port 8761 (http) with context path '/'
2026-08-26T07:44:56.632-03:00  INFO 13897 --- [naming-service] [           main] c.l.n.NamingServiceApplication           : Started NamingServiceApplication in 7.751 seconds (process running for 8.688)
2026-08-26T07:45:11.982-03:00  INFO 13897 --- [naming-service] [nio-8761-exec-1] o.a.c.c.C.[Tomcat].[localhost].[/]       : Initializing Spring DispatcherServlet 'dispatcherServlet'
2026-08-26T07:45:11.982-03:00  INFO 13897 --- [naming-service] [nio-8761-exec-1] o.s.web.servlet.DispatcherServlet        : Initializing Servlet 'dispatcherServlet'
2026-08-26T07:45:11.984-03:00  INFO 13897 --- [naming-service] [nio-8761-exec-1] o.s.web.servlet.DispatcherServlet        : Completed initialization in 2 ms
2026-08-26T07:45:12.569-03:00  INFO 13897 --- [naming-service] [nio-8761-exec-2] c.n.e.registry.AbstractInstanceRegistry  : Registered instance CONVERSAO-ATIVA/192.168.0.39:conversao-ativa:8100 with status UP (replication=false)
2026-08-26T07:45:13.303-03:00  INFO 13897 --- [naming-service] [nio-8761-exec-3] c.n.e.registry.AbstractInstanceRegistry  : Registered instance CONVERSAO-ATIVA/192.168.0.39:conversao-ativa:8100 with status UP (replication=true)
2026-08-26T07:45:30.543-03:00  INFO 13897 --- [naming-service] [nio-8761-exec-5] c.n.e.registry.AbstractInstanceRegistry  : Registered instance APIGATEWAY/192.168.0.39:apigateway:8765 with status UP (replication=false)
2026-08-26T07:45:31.060-03:00  INFO 13897 --- [naming-service] [nio-8761-exec-6] c.n.e.registry.AbstractInstanceRegistry  : Registered instance APIGATEWAY/192.168.0.39:apigateway:8765 with status UP (replication=true)
2026-08-26T07:45:56.577-03:00  INFO 13897 --- [naming-service] [a-EvictionTimer] c.n.e.registry.AbstractInstanceRegistry  : Running the evict task with compensationTime 0ms
